!      ---- Modo de Desenho da Barra ---
BU
!      ---- Tamanho da Fonte das Legendas ---
F 1
!      ---- Cores (Fundo - Identificador - Numero - Valor - Grid - Fluxo Ativo - Fluxo Reativo)---
RF 255 255 255
RI 128 0 128
RN 128 0 128
RV 0 0 255
RG 0 0 0
RA 0 0 255
RR 255 0 0
!      ---- Grupos Base de Tensão ----
!Ten  lar  R   G   B ID
G 0 1 0 0 0  0
G 13.8 1 0 0 0  N
G 34.5 1 0 0 0  L
G 1 1 0 0 0  M
G 23 1 0 0 0  P
G 69 1 0 0 0  I
G 765 1 0 0 160  A
G 500 1 255 0 0  C
G 345 1 0 0 255  E
G 230 1 0 128 64  F
G 138 1 255 128 0  G
G 66 1 0 0 0  K
G 6.9 1 0 0 0  R
G 88 1 128 64 0  H
G 440 1 128 0 128  D
G 525 1 255 0 0  B
G 161 1 0 0 0  W
G 3 1 0 0 0  S
G 20 1 0 0 0  Q
G 0 1 0 0 0  3
G 990 1 0 0 0  T
G 289 1 0 0 0  Y
G 11.9 1 0 0 0  Z
G 13.2 1 0 0 0  X
G 991 1 0 0 0  U
G 0 1 0 0 0  4
G 0 1 0 0 0  5
G 992 1 0 0 0  V
G 0 1 0 0 0  1
G 0 1 0 0 0  2
!    ---- Componentes ----
!Numero Tipo Rot Hac Px Py Cor sl SubTp ch1 ch2 ch3 ch4 Descrip
C 28  1 259 0  -1184   -512 28  0 - 510  0  0  0 0
C 30  1 1537 0  -1056   -544 15  0 - 544  0  0  0 0
C 32  1 2050 0   -656   -832 15  0 - 547  0  0  0 0
C 35  1 258 0   -944   -992 28  0 - 513  0  0  0 0
C 39  1 1538 0   -272   -832 15  0 - 539  0  0  0 0
C 43  1 769 0  -1056   -224 15  0 - 549  0  0  0 0
C 44  1 257 0  -1184   -224 28  0 - 507  0  0  0 0
C 48  1 1538 0   -624      0 15  0 - 552  0  0  0 0
C 51  1 257 0  -1280   -128 11  0 - 550  0  0  0 0
C 53  1 258 0   -464   -960 28  0 - 502  0  0  0 0
C 57  1 2306 0    -96      0 15  0 - 561  0  0  0 0
C 61  1 770 0   -208   -944 11  0 - 541  0  0  0 0
C 64  1 258 0   -208   -832 28  0 - 503  0  0  0 0
C 68  1 1025 0   -192   -752 15  0 - 542  0  0  0 0
C 71  1 258 0   -288 -614.67 28  0 - 520  0  0  0 0
C 74  1 1025 0  -1184   -464 15  0 - 9544  0  0  0 0
C 78  1 1025 0  -1424   -464 10  0 - 545  0  0  0 0
C 81  1 768 0   -112   -512 11  0 - 543  0  0  0 0
C 83  1 2050 0    272   -832 15  0 - 538  0  0  0 0
C 84  1 258 0    -32   -960 28  0 - 501  0  0  0 0
C 90  1 2306 0    416      0 15  0 - 559  0  0  0 0
C 96  1 1794 0    656   -832 15  0 - 536  0  0  0 0
C100  1 258 0    384   -976 28  0 - 500  0  0  0 0
C103  1 1025 0    608   -656 15  0 - 563  0  0  0 0
C107  1 1793 0    768   -384 15  0 - 567  0  0  0 0
C110  1 1025 0    816   -656 11  0 - 564  0  0  0 0
C111  1 1025 0   1040   -288 11  0 - 568  0  0  0 0
C119  1 1025 0    768    208 15  0 - 570  0  0  0 0
C126  1 1025 0   1024    208 11  0 - 571  0  0  0 0
C129  1 1793 0    608    496 15  0 - 574  0  0  0 0
C131  1 258 0    624   1040 11  0 - 575  0  0  0 0
C134  1 1025 0    896    496 14  0 - 576  0  0  0 0
C139  1 1282 0    384    384 15  0 - 565  0  0  0 0
C142  1 769 0    432    464 11  0 - 566  0  0  0 0
C148  1 2306 0     48    384 15  0 - 584  0  0  0 0
C154  1 2306 0    416    800 15  0 - 593  0  0  0 0
C157  1 3074 0   -224    832 15  0 - 581  0  0  0 0
C158  1 264 0   -320    528 15  0 - 585  0  0  0 0
C161  1 2050 0   -400    384 15  0 - 414  0  0  0 0
C167  1 1026 0    -16    544 10  0 - 590  0  0  0 0
C171  1 514 0      0    144 11  0 - 591  0  0  0 0
C174  1 1024 0   -752    544 14  0 - 415  0  0  0 0
C182  1 770 0    176   1008  9  0 - 594  0  0  0 0
C189  1 1026 0    400   1008 11  0 - 595  0  0  0 0
C194  1 257 0    480    816 21  0 - 533  0  0  0 0
C197  1 770 0   -624   1008  9  0 - 582  0  0  0 0
C200  1 1282 0   -304   1008 11  0 - 583  0  0  0 0
C203  1 257 0   -176    816 21  0 - 532  0  0  0 0
C207  1 1025 0  -1008     16 10  0 - 551  0  0  0 0
C211  1 769 0   -928    240 16  0 - 556  0  0  0 0
C213  1 769 0    752  -1008  8  0 - 535  0  0  0 0
C218  1 512 0   -496    576 15  0 - 608  0  0  0 0
C254  1 257 0   1136    208 11  0 - 2219  0  0  0 0
C266  1 256 0    448  -1056 11  0 - 537  0  0  0 0
C329  1 257 0  -1120    256  8  0 2 99  0  0  0 0
C377  1 257 0  -1136     80 10  0 - 1028  0  0  0 0
C395  1 513 0  -1088    304 16  0 - 1027  0  0  0 0
C479  1 776 0   -384    160 11  0 - 562  0  0  0 0
C546  1 2305 0    896    720 15  0 - 599  0  0  0 0
C550  1 513 0   1120    736  8  0 - 598  0  0  0 0
C551  1 513 0   1104   1024 10  0 - 600  0  0  0 0
C552  1 769 0   1184    864 11  0 - 601  0  0  0 0
C576  1 257 0   1232    768  8  0 - 104  0  0  0 0
C581  1 1537 0   1184   1040 10  0 - 458  0  0  0 0
C598  1 769 0   1056   1152 14  0 - 459  0  0  0 0
C630  1 770 0   -368   -464 15  0 - 540  0  0  0 0
C643  1 514 0    176   -320 15  0 - 572  0  0  0 0
C683  1 770 0    208    224 15  0 - 589  0  0  0 0
C687  1 769 0    368   -272 15  0 - 7058  0  0  0 0
C692  1 1025 0    592   -336  8  0 - 7057  0  0  0 0
C739  1 258 0   -128    224 15  0 - 527  0  0  0 0
C773  1 769 0   -256    624 15  0 - 586  0  0  0 0
C774  1 769 0    -48    624 14  0 - 588  0  0  0 0
C967  1 257 0   -112    928 15  0 - 9102  0  0  0 0
C968  1 258 0    112    544 15  0 - 413  0  0  0 0
C1128  1 258 0    144   -960 21  0 - 531  0  0  0 0
C1144  1 769 0   -528   -688 15  0 - 530  0  0  0 0
C1151  1 1025 0    496   -112 15  0 - 573  0  0  0 0
C1261  1 514 0    672    160 11  0 - 577  0  0  0 0
C1264  1 257 0   -352  -1088  3  0 - 5022  0  0  0 0
C1265  1 257 0   -224  -1088 28  0 - 800  0  0  0 0
C1272  1 258 0   -800  -1056 11  0 - 548  0  0  0 0
C1276  1 257 0  -1520   -336 10  0 - 1087  0  0  0 0
C1277  1 257 0  -1520   -432 10  0 - 1088  0  0  0 0
C1281  1 513 0    496    672 15  0 - 453  0  0  0 0
C1293  1 513 0    768    736 15  0 - 610  0  0  0 0
C1353  1 514 0   -592   -416 11  0 - 4304  0  0  0 0
C1381  1 257 0   -816   -928 25  0 1 41698  0  0  0 0
C1410  1 257 0  -1296   -448 25  0 1 43387  0  0  0 0
C1428  1 257 0  -1296   -384 25  0 1 43392  0  0  0 0
C1429  1 257 0  -1296   -320 25  0 1 43393  0  0  0 0
C1488  1 257 0   -832     64 25  0 1 41534  0  0  0 0
C1530  1 257 0   -784    112 25  0 1 41536  0  0  0 0
C1542  1 257 0   -720    160 25  0 1 41538  0  0  0 0
C1585  1 257 0   -672    256 25  0 1 41532  0  0  0 0
C1586  1 257 0   -800    352  8  0 2 580  0  0  0 0
C1609  1 257 0  -1216    240  8  0 - 101  0  0  0 0
C1662  1 257 0   -496    912 25  0 1 41736  0  0  0 0
C1674  1 257 0   -400    912 25  0 1 41738  0  0  0 0
C1703  1 257 0   -320    912 25  0 1 41740  0  0  0 0
C1714  1 257 0   -656    912 25  0 1 41624  0  0  0 0
C1728  1 257 0   -720    912 25  0 1 41626  0  0  0 0
C1747  1 257 0     80    896 25  0 1 41746  0  0  0 0
C1748  1 257 0    144    896 25  0 1 41748  0  0  0 0
C1778  1 257 0    256    912 25  0 1 41628  0  0  0 0
C1788  1 257 0    320    912 25  0 1 41630  0  0  0 0
C1842  1 257 0    768    528 25  0 1 41718  0  0  0 0
C1852  1 257 0    768    592 25  0 1 41720  0  0  0 0
C1872  1 257 0    768    656 25  0 1 41722  0  0  0 0
C1893  1 257 0 606.628 926.402 25  0 1 41724  0  0  0 0
C1922  1 257 0   1056    880 25  0 1 41634  0  0  0 0
C1932  1 257 0   1056    928 25  0 1 41636  0  0  0 0
C1938  1 257 0   1056    976 25  0 1 41638  0  0  0 0
C1996  1 257 0   1008   1040 25  0 1 41816  0  0  0 0
C1997  1 257 0   1008   1088 25  0 1 41818  0  0  0 0
C2036  1 257 0   1008    800 25  0 1 41750  0  0  0 0
C2062  1 257 0    336    480 25  0 1 41706  0  0  0 0
C2072  1 257 0    288    528 25  0 1 41708  0  0  0 0
C2078  1 257 0    240    576 25  0 1 41710  0  0  0 0
C2116  1 257 0   -144    640 25  0 1 41800  0  0  0 0
C2130  1 257 0   -144    688 25  0 1 41802  0  0  0 0
C2140  1 257 0   -144    736 25  0 1 41804  0  0  0 0
C2156  1 257 0   -176    464 25  0 1 41726  0  0  0 0
C2166  1 257 0   -112    464 25  0 1 41728  0  0  0 0
C2175  1 257 0    -48    464 25  0 1 41730  0  0  0 0
C2194  1 257 0    -16    240 25  0 1 41732  0  0  0 0
C2211  1 257 0    -64    240 25  0 1 41734  0  0  0 0
C2244  1 257 0    896    288 25  0 1 41712  0  0  0 0
C2245  1 257 0    896    352 25  0 1 41714  0  0  0 0
C2279  1 257 0    480   -256 25  0 1 41562  0  0  0 0
C2293  1 257 0    480   -208 25  0 1 41564  0  0  0 0
C2310  1 257 0    480   -160 25  0 1 41566  0  0  0 0
C2320  1 257 0    480   -352  2  0 - 402  0  0  0 0
C2338  1 257 0    896   -272 25  0 1 41614  0  0  0 0
C2347  1 257 0    896   -224 25  0 1 41616  0  0  0 0
C2357  1 257 0    896   -176 25  0 1 41618  0  0  0 0
C2364  1 257 0    896   -128 25  0 1 41620  0  0  0 0
C2414  1 257 0    656      0 25  0 1 41554  0  0  0 0
C2430  1 257 0    608     48 25  0 1 41556  0  0  0 0
C2629  1 257 0    720   -624 25  0 1 41680  0  0  0 0
C2644  1 257 0    720   -576 25  0 1 41682  0  0  0 0
C2672  1 257 0    544   -976 25  0 1 41668  0  0  0 0
C2677  1 257 0    592   -928 25  0 1 41670  0  0  0 0
C2682  1 257 0    464   -912 25  0 1 41674  0  0  0 0
C2731  1 257 0    -16   -656 25  0 1 41590  0  0  0 0
C2732  1 257 0    -80   -608 25  0 1 41592  0  0  0 0
C2773  1 257 0   -656   -544 25  0 1 41702  0  0  0 0
C2774  1 257 0   -608   -528 25  0 1 41704  0  0  0 0
C2803  1 1026 0   -736   -608 15  0 - 668  0  0  0 0
C2815  1 258 0 -815.326 -507.4 25  0 1 41852  0  0  0 0
C2816  1 258 0 -767.326 -507.4 25  0 1 41854  0  0  0 0
C2819  1 514 0 -767.326 -411.4 11  0 - 670  0  0  0 0
C2868  1 770 0    416    192 11  0 - 560  0  0  0 0
C2871  1 257 0    304     96 25  0 1 41568  0  0  0 0
C2889  1 257 0    352     96 25  0 1 41570  0  0  0 0
C2893  1 257 0    400     96 25  0 1 41572  0  0  0 0
C2902  1 258 0 -315.264 -119.712  0  0 2 597  0  0  0 0
C3027  1 1282 0   -112   -240 15  0 - 478  0  0  0 0
C3033  1 257 0   -304   -368 25  0 1 41954  0  0  0 0
C3034  1 257 0   -240   -368 25  0 1 41952  0  0  0 0
C3045  1 258 0   -416    224 15  0 - 7734  0  0  0 0
C3129  1 768 0   -336   -496 11  0 - 479  0  0  0 0
C3139  1 257 0    816   -352  0  0 2 7842  0  0  0 0
C3194  1 257 0    672    976  8  0 - 609  0  0  0 0
C3196  1 257 0    816    864 19  0 2 499  0  0  0 0
C3244  1 257 0   -368    256  2  0 - 7656  0  0  0 0
C3420  1 257 0   1008    752 25  0 1 41950  0  0  0 0
C3426  1 769 0  -1664   -432 10  0 - 10101  0  0  0 0
C3430  1 513 0  -1792   -432 10  0 - 1086  0  0  0 0
C3435  1 257 0  -1968   -416 10  0 - 978  0  0  0 0
C3437  1 257 0 -2275.5 -63.3509 11  0 - 546  0  0  0 0
C3438  1 257 0 -1884.46 69.9514 11  0 - 4189  0  0  0 0
C3439  1 257 0 -1682.45 -188.713 11  0 - 643  0  0  0 0
C3445  1 257 0  -2272     64 28  0 - 511  0  0  0 0
C3449  1 257 0  -1792    -48 11  0 2 11913  0  0  0 0
C3450  1 257 0  -1728    -48 11  0 2 21913  0  0  0 0
C3451  1 257 0  -1664    -48 11  0 2 11975  0  0  0 0
C3452  1 257 0  -1600    -48 11  0 2 21975  0  0  0 0
C3469  1 257 0    800    976  8  0 - 103  0  0  0 0
C3484  1 257 0 289.776 1236.84 11  0 - 698  0  0  0 0
C3488  1 257 0 359.55 272.386 25  0 1 41600  0  0  0 0
C3490  1 257 0 530.684 255.681 11  0 - 587  0  0  0 0
C3518  1 257 0 -1361.42 -218.531 10  0 - 10648  0  0  0 0
C3535  1 514 0    464   -672 15  0 - 1076  0  0  0 0
C3542  1 257 0    432   -592 25  0 1 43377  0  0  0 0
C3559  1 258 0    448   -512 10  0 - 1077  0  0  0 0
C3572  1 258 0    448   -416 10  0 - 1090  0  0  0 0
C3578  1 257 0    304   -432 10  0 - 10490  0  0  0 0
C 29  4 1 0  -1280   -528 28  0 -  1 510  0  0 0
C 31  9 1 0  -1120   -528  0  0 -  1 544 510  0 0
C 36  4 2 0   -960  -1040 28  0 -  1 513  0  0 0
C 37  9 2 0   -960   -912  0  0 -  1 547 513  0 0
C 45  9 1 0  -1120   -208  0  0 -  1 549 507  0 0
C 55  4 2 0   -480  -1008 28  0 -  1 502  0  0 0
C 56  9 2 0   -480   -896  0  0 -  1 539 502  0 0
C 65  9 0 0   -224   -880  0  0 -  1 541 503  0 0
C 66  4 0 0   -224   -800 28  0 -  1 503  0  0 0
C 72  4 0 0   -304 -565.337 28  0 -  1 520  0  0 0
C 73  9 1 0 -263.997 -671.339  0  0 -  1 542 520  0 0
C 85  9 2 0    -48   -896  0  0 -  1 538 501  0 0
C 86  4 2 0    -48  -1008 28  0 -  1 501  0  0 0
C101  9 2 0    368   -912  0  0 -  1 536 500  0 0
C102  4 2 0    368  -1024 28  0 -  1 500  0  0 0
C176  9 2 0   -720    480  0  0 -  1 414 415  0 0
C177  9 2 0   -656    480  0  0 -  2 414 415  0 0
C178  9 2 0   -592    480  0  0 -  3 414 415  0 0
C196  4 3 0    528    832 21  0 -  1 533  0  0 0
C205  4 3 0   -112    832 21  0 -  1 532  0  0 0
C319  9 3 0  -1168   -112  0  0 -  5 550 549  0 0
C405 20 1 0  -1168     96 10  0 -  1 1028  0  0 0
! ""
C407 20 1 0  -1184    320 16  0 -  1 1027  0  0 0
! ""
C480  9 2 0   -368     80  0  0 -  1 562 561  0 0
C481  9 2 0   -320     80  0  0 -  2 562 561  0 0
C482  9 2 0   -272     80  0  0 -  5 562 561  0 0
C524 20 3 0    848   -928  8  0 -  1 535  0  0 0
! ""
C541  9 1 0    896    224  0  0 -  3 571 570  0 0
C597 20 3 0   1312    784  8  0 -  1 104  0  0 0
! ""
C600  9 1 0   1120   1264  0  0 -  1 458 459  0 0
C601  9 1 0   1120   1216  0  0 -  2 458 459  0 0
C602  9 1 0   1120   1168  0  0 -  3 458 459  0 0
C638 23   1 0   -480   -432 15  0 - 10 540  0  0 0 0
C680 23   1 0     64   -320 15  0 - 10 572  0  0 0 0
C681 20 0 0   -672   1024  9  0 -  1 582  0  0 0
! "SP_345_abr21_Carol"
C682 20 0 0    128   1024  9  0 -  1 594  0  0 0
! "SP_345_abr21_Carol"
C726  4 1 0  -1232   -208 28  0 -  1 507  0  0 0
C753 23   3 0   -352    -32 15  0 - 10 561  0  0 0 0
C754 23   0 0     32     32 15  0 - 10 559  0  0 0 0
C760 23   1 0   -240    352 15  0 - 10 584  0  0 0 0
C787 20 3 0    640   -224  8  0 -  1 7057  0  0 0
! ""
C788 23   0 0   -304    160 11  0 - 10 562  0  0 0 0
C791 23   3 0   1040   -208 11  0 - 10 568  0  0 0 0
C794 23   0 0   -416   1024 11  0 - 10 583  0  0 0 0
C796 23   3 0    432    528 11  0 - 10 566  0  0 0 0
C798 23   3 0     16    144 11  0 - 10 591  0  0 0 0
C799 23   3 0    -32    656 14  0 - 10 588  0  0 0 0
C832 23   3 0   -672    560 14  0 - 10 415  0  0 0 0
C833 23   3 0   -672    592 14  0 - 20 415  0  0 0 0
C837 23   3 0    912    608 14  0 - 10 576  0  0 0 0
C847 23   3 0   1200    928 11  0 - 10 601  0  0 0 0
C854 23   1 0   1056   1184 14  0 - 10 459  0  0 0 0
C860 23   3 0   1040    272 11  0 - 10 571  0  0 0 0
C861 23   3 0   1152    224 11  0 - 10 2219  0  0 0 0
C864  9 1 0    720   -496  0  0 -  3 564 563  0 0
C899 23   3 0    208    -80 15  0 - 10 536 559  1 0 P
C907 23   3 0   -384    -80 15  0 - 10 540 561  1 0 P
C912 23   3 0   -704    -80 15  0 - 10 547 552  1 0 P
C913 23   3 0   -768   -112 15  0 - 10 549 552  1 0 P
C960 23   1 0    736    240 15  0 - 10 570  0  0 0 0
C971 23   3 0    240    768 15  0 - 10 593  0  0 0 0
C985 23   0 0    656    304 15  0 - 10 552 570  1 0 P
C997 23   3 0     96    688 15  0 - 10 593 413  1 0 D
C998 23   3 0    192    688 15  0 - 10 565 593  1 0 P
C1006 23   1 0   -544    768 15  0 - 10 414 581  1 0 P
C1034 23   1 0   -448    752 15  0 - 10 608 581  1 0 P
C1086 23   0 0    544   -608 15  0 - 10 536 563  1 0 P
C1127  9 3 0    688   -896  0  0 -  9 536 535  0 0
C1129  9 2 0    128   -896  0  0 -  1 538 531  0 0
C1136  4 2 0    128  -1008 21  0 -  1 531  0  0 0
C1166 23   1 0     64   -272 15  0 - 20 572  0  0 0 0
C1167 20 3 0    864   -560 11  0 -  1 564  0  0 0
! ""
C1172 20 0 0  -1344    -64 11  0 -  1 550  0  0 0
! ""
C1382  9 2 0   -816   -880  0  0 -  7 547 41698  0 0
C1391  9 0 0   -816   -976  0  0 -  7 548 41698  0 0
C1411  9 1 0  -1232   -432  0  0 -  1 9544 43387  0 0
C1415  9 3 0  -1360   -432  0  0 -  1 545 43387  0 0
C1430  9 1 0  -1232   -368  0  0 -  2 9544 43392  0 0
C1431  9 1 0  -1232   -304  0  0 -  3 9544 43393  0 0
C1457  9 3 0  -1360   -368  0  0 -  2 545 43392  0 0
C1465  9 3 0  -1360   -304  0  0 -  3 545 43393  0 0
C1492  9 0 0   -832     32  0  0 -  1 552 41534  0 0
C908 23   3 0   -432   -112 15  0 - 10 540 561  2 0 P
C1523  9 3 0   -912     64  0  0 -  1 551 41534  0 0
C1531  9 0 0   -784     64  0  0 -  2 552 41536  0 0
C1539  9 3 0   -912    112  0  0 -  2 551 41536  0 0
C1543  9 0 0   -720     80  0  0 -  7 552 41538  0 0
C1550  9 3 0   -912    160  0  0 -  7 551 41538  0 0
C1587  9 3 0  -1024    256  0  0 -  1 99 556  0 0
C1588  9 1 0   -848    352  0  0 -  1 580 556  0 0
C1589  9 3 0   -784    256  0  0 -  5 556 41532  0 0
C1593  9 0 0   -672    128  0  0 -  5 552 41532  0 0
C1604 23   1 0  -1120    352 16  0 - 10 1027  0  0 0 0
C1663  9 0 0   -496    880  0  0 -  1 581 41736  0 0
C1665  9 2 0   -496    944  0  0 -  1 583 41736  0 0
C1675  9 0 0   -400    880  0  0 -  2 581 41738  0 0
C1684  9 2 0   -400    944  0  0 -  2 583 41738  0 0
C1704  9 2 0   -320    960  0  0 -  9 583 41740  0 0
C1710  9 0 0   -320    880  0  0 -  9 581 41740  0 0
C1715  9 2 0   -656    944  0  0 -  3 582 41624  0 0
C1724  9 0 0   -656    880  0  0 -  3 581 41624  0 0
C1729  9 2 0   -720    944  0  0 -  5 582 41626  0 0
C1733  9 0 0   -720    880  0  0 -  5 581 41626  0 0
C1749  9 2 0     80    944  0  0 -  1 594 41746  0 0
C1750  9 2 0    144    944  0  0 -  2 594 41748  0 0
C1770  9 0 0     80    864  0  0 -  1 593 41746  0 0
C1775  9 0 0    144    864  0  0 -  2 593 41748  0 0
C1779  9 2 0    256    960  0  0 -  3 595 41628  0 0
C1783  9 0 0    256    864  0  0 -  3 593 41628  0 0
C1789  9 2 0    320    944  0  0 -  4 595 41630  0 0
C1791  9 0 0    320    864  0  0 -  4 593 41630  0 0
C1794  9 2 0    384    912  0  0 -  5 595 593  0 0
C1843  9 1 0    832    528  0  0 -  2 576 41718  0 0
C1847  9 3 0    688    528  0  0 -  2 574 41718  0 0
C1853  9 1 0    832    592  0  0 -  3 576 41720  0 0
C1855  9 3 0    688    592  0  0 -  3 574 41720  0 0
C1873  9 1 0    832    656  0  0 -  4 576 41722  0 0
C1879  9 3 0    688    656  0  0 -  4 574 41722  0 0
C1894  9 2 0 607.657 967.652  0  0 -  1 575 41724  0 0
C1895 23   0 0    608   1056 11  0 - 10 575  0  0 0 0
C1904  9 0 0    608 893.373  0  0 -  1 574 41724  0 0
C1923  9 1 0   1120    880  0  0 -  3 601 41634  0 0
C1933  9 1 0   1120    928  0  0 -  4 601 41636  0 0
C1939  9 1 0   1120    976  0  0 -  5 601 41638  0 0
C1976  9 3 0    976    880  0  0 -  3 599 41634  0 0
C1987  9 3 0    976    928  0  0 -  4 599 41636  0 0
C1990  9 3 0    976    976  0  0 -  5 599 41638  0 0
C1998  9 1 0   1056   1040  0  0 -  1 600 41816  0 0
C1999  9 1 0   1056   1088  0  0 -  2 600 41818  0 0
C2019  9 3 0    960   1040  0  0 -  1 599 41816  0 0
C2026  9 3 0    960   1088  0  0 -  2 599 41818  0 0
C2038  9 1 0   1040    800  0  0 -  9 598 41750  0 0
C2058  9 3 0    960    800  0  0 -  9 599 41750  0 0
C2063  9 1 0    384    480  0  0 -  1 566 41706  0 0
C2070  9 0 0    336    432  0  0 -  1 565 41706  0 0
C2073  9 1 0    352    528  0  0 -  2 566 41708  0 0
C2079  9 1 0    320    576  0  0 -  3 566 41710  0 0
C2095  9 0 0    240    432  0  0 -  3 565 41710  0 0
C2101  9 0 0    288    432  0  0 -  2 565 41708  0 0
C2117  9 3 0   -192    640  0  0 -  1 586 41800  0 0
C2121  9 1 0    -96    640  0  0 -  1 588 41800  0 0
C2127 23   3 0    -32    704 14  0 - 20 588  0  0 0 0
C2141  9 1 0    -96    736  0  0 -  3 588 41804  0 0
C2150  9 3 0   -192    736  0  0 -  3 586 41804  0 0
C2153 23   0 0    -96    544 10  0 - 10 590  0  0 0 0
C2157  9 2 0   -176    496  0  0 -  1 590 41726  0 0
C2163  9 0 0   -176    432  0  0 -  1 584 41726  0 0
C2167  9 2 0   -112    496  0  0 -  2 590 41728  0 0
C2176  9 2 0    -48    496  0  0 -  7 590 41730  0 0
C2189  9 0 0   -112    432  0  0 -  2 584 41728  0 0
C2192  9 0 0    -48    432  0  0 -  7 584 41730  0 0
C2195  9 0 0    -16    192  0  0 -  3 591 41732  0 0
C2204  9 2 0    -16    320  0  0 -  3 584 41732  0 0
C2212  9 2 0    -64    320  0  0 -  4 584 41734  0 0
C2223  9 0 0    -64    192  0  0 -  4 591 41734  0 0
C2246  9 3 0    848    288  0  0 -  1 570 41712  0 0
C2247  9 3 0    848    352  0  0 -  2 570 41714  0 0
C2265  9 1 0    944    352  0  0 -  2 571 41714  0 0
C2270  9 1 0    944    288  0  0 -  1 571 41712  0 0
C2280  9 3 0    416   -256  0  0 -  2 7058 41562  0 0
C2290  9 1 0    528   -256  0  0 -  2 7057 41562  0 0
C2294  9 3 0    416   -208  0  0 -  3 7058 41564  0 0
C2308  9 1 0    528   -208  0  0 -  3 7057 41564  0 0
C2311  9 3 0    416   -160  0  0 -  4 7058 41566  0 0
C2317  9 1 0    528   -160  0  0 -  4 7057 41566  0 0
C2324  4 1 0    416   -336  2  0 -  1 402  0  0 0
C2339  9 1 0    960   -272  0  0 -  1 568 41614  0 0
C2345  9 3 0    848   -272  0  0 -  1 567 41614  0 0
C2358  9 1 0    960   -176  0  0 -  3 568 41618  0 0
C2365  9 1 0    960   -128  0  0 -  5 568 41620  0 0
C2377  9 3 0    848   -176  0  0 -  3 567 41618  0 0
C2396  9 3 0    848   -128  0  0 -  5 567 41620  0 0
C2400 23   0 0    624    176 11  0 - 10 577  0  0 0 0
C2415  9 2 0    656     64  0  0 -  3 577 41554  0 0
C2431  9 2 0    608     96  0  0 -  4 577 41556  0 0
C2434  9 3 0    560     48  0  0 -  4 573 41556  0 0
C2439  9 3 0    848   -224  0  0 -  2 567 41616  0 0
C2443  9 1 0    960   -224  0  0 -  2 568 41616  0 0
C2460  9 3 0    560      0  0  0 -  3 573 41554  0 0
C2597 23   3 0    832   -608 11  0 - 10 564  0  0 0 0
C2630  9 1 0    768   -624  0  0 -  1 564 41680  0 0
C2634  9 3 0    672   -624  0  0 -  1 563 41680  0 0
C2645  9 1 0    768   -576  0  0 -  2 564 41682  0 0
C2646  9 3 0    672   -576  0  0 -  2 563 41682  0 0
C2650  9 1 0    720   -528  0  0 -  5 564 563  0 0
C2668 23   3 0    784   -976  8  0 - 10 535  0  0 0 0
C2673  9 1 0    688   -976  0  0 -  4 535 41668  0 0
C2678  9 1 0    688   -928  0  0 -  8 535 41670  0 0
C2687  9 2 0    464   -880  0  0 -  5 536 41674  0 0
C2698  9 2 0    592   -880  0  0 -  8 536 41670  0 0
C2711  9 2 0    544   -896  0  0 -  4 536 41668  0 0
C2733  9 3 0   -128   -656  0  0 -  9 542 41590  0 0
C2734  9 3 0   -128   -608  0  0 - 10 542 41592  0 0
C2747  9 2 0    -80   -560  0  0 - 10 543 41592  0 0
C2756  9 2 0    -16   -576  0  0 -  9 543 41590  0 0
C2759  9 0 0   -304   -880  0  0 - 15 541 539  0 0
C2775  9 0 0   -656   -576  0  0 -  1 530 41702  0 0
C2776  9 0 0   -608   -560  0  0 -  2 530 41704  0 0
C2793  9 2 0   -656   -496  0  0 -  1 4304 41702  0 0
C2796  9 2 0   -608   -480  0  0 -  2 4304 41704  0 0
C2817  9 0 0 -831.326 -555.4  0  0 -  1 668 41852  0 0
C2818  9 0 0 -783.326 -555.4  0  0 -  2 668 41854  0 0
C2821  9 2 0 -783.326 -459.4  0  0 -  2 670 41854  0 0
C2844  9 2 0 -831.326 -459.4  0  0 -  1 670 41852  0 0
C2849 23   0 0   -896   -592 15  0 - 10 668  0  0 0 0
C2861  4 1 0   -416  -1072  3  0 -  1 5022  0  0 0
C2864  4 3 0   -160  -1072 28  0 -  1 800  0  0 0
C2872  9 2 0    304    144  0  0 -  1 560 41568  0 0
C2886  9 0 0    304     48  0  0 -  1 559 41568  0 0
C2890  9 2 0    352    144  0  0 -  2 560 41570  0 0
C2891  9 0 0    352     48  0  0 -  2 559 41570  0 0
C2894  9 2 0    400    144  0  0 -  4 560 41572  0 0
C2899  9 0 0    400     48  0  0 -  4 559 41572  0 0
C2919 18 1 0   -288    -80  0  0 - 10 597  0  0 0
C2946 23   1 0   -144    128 15  0 - 10 561 527  1 0 P
C2958 23   3 0   -208    336 15  0 - 10 584 561  1 0 D
C2960 23   0 0    832    768 15  0 - 10 599 610  1 0 D
C2963 23   1 0   -832   -688 15  0 - 10 547 668  1 0 P
C2968 23   2 0   -768   -672 15  0 - 10 530 668  1 0 P
C2969 20 0 0    -64   -496 11  0 -  1 543  0  0 0
! ""
C3037  9 2 0   -320   -320  0  0 -  2 478 41954  0 0
C3038  9 2 0   -256   -320  0  0 -  1 478 41952  0 0
C3130  9 0 0   -320   -416  0  0 -  2 479 41954  0 0
C3137  9 0 0   -256   -416  0  0 -  1 479 41952  0 0
C3143 18 0 0    864   -352  0  0 - 10 7842  0  0 0
C3198 18 1 0    816    912 19  0 - 10 499  0  0 0
C3237  9 3 0   -192    688  0  0 -  2 586 41802  0 0
C3248  4 3 0   -304    272  2  0 -  1 7656  0  0 0
C3262  9 1 0    -96    688  0  0 -  2 588 41802  0 0
C3297 23   0 0    368   -128 15  0 - 10 7058  0  0 0 0
C3336 23   3 0   -208 -84.096 15  0 - 10 478 561  1 0 P
C3338 23   3 0 -160.419 -115.349 15  0 - 10 478 561  2 0 P
C3388 23   0 0 -127.301 -234.03 15  0 - 10 478  0  0 0 0
C3403 23   3 0 -1173.67 -367.901 15  0 - 10 9544  0  0 0 0
C3421  9 3 0    960    752  0  0 - 10 599 41950  0 0
C3425  9 1 0   1040    752  0  0 - 10 598 41950  0 0
C3446  9 0 0  -2272      0  0  0 -  1 546 511  0 0
C3485 23   3 0    496   1232 11  0 - 10 698  0  0 0 0
C3489  9 3 0 309.953 268.354  0  0 -  1 589 41600  0 0
C3491  9 1 0 424.892 268.354  0  0 -  1 587 41600  0 0
C3560  9 0 0    432   -608  0  0 -  1 1076 43377  0 0
C3561  9 2 0    432   -576  0  0 -  1 1077 43377  0 0
!      ---- Linhas ----
!Numero Tipo hac sl De Para ch1 nsg segmentos
L33 14 0 0  30  32  1  1 28 
L34 14 0 0  30  32  2  1 29 
L47 14 0 0  32  43  1  1 37 
L49 14 0 0  43  48  1  2 555 554 
L50 14 0 0  32  48  1  2 553 552 
L58 14 0 0  48  57  1  1 45 
L70 14 0 0  39  68  1  1 55 
L76 14 0 0  30  74  1  1 59 
L87 14 0 0  83  68  1  1 70 
L95 14 0 0  90  57  1  1 77 
L97 14 0 0  96  83  1  1 78 
L98 14 0 0  96  90  1  2 529 528 
L105 14 0 0  96 103  1  2 737 738 
L108 14 0 0 103 107  1  1 87 
L125 14 0 0  48 119  1  2 655 656 
L130 14 0 0 119 129  1  1 111 
L155 14 0 0 139 154  1  2 677 678 
L159 14 0 0 148 158  1  1 135 
L181 14 0 0 161 157  1  2 693 694 
L220 14 0 0 161 218  1  1 198 
L396 14 0 0 395 211  1  1 281 
L578 14 0 0 576 550  1  1 347 
L583 14 0 0 551 581  1  1 349 
L631 14 0 0  39 630  1  1 376 
L634 14 0 0 630  57  1  2 543 542 
L646 14 0 0  83 643  1  1 383 
L647 14 0 0  83 643  2  1 384 
L677 14 0 0 643  90  1  1 1709 
L678 14 0 0 643  90  2  1 744 
L684 14 0 0  90 683  1  1 416 
L714 14 0 0 687  90  2  1 426 
L715 14 0 0 687  90  1  1 427 
L740 14 0 0  57 739  1  2 1707 1708 
L742 14 0 0 739 148  1  1 443 
L784 14 0 0 158 773  1  1 456 
L786 14 0 0 773 157  1  1 458 
L956 14 0 0 148  57  1  2 1719 1720 
L970 14 0 0 154 968  1  2 675 676 
L972 14 0 0 683 968  1  1 643 
L1032 14 0 0 218 157  1  2 720 721 
L1075 14 0 0 967 154  1  1 736 
L1087 14 0 0 157 967  1  1 739 
L1146 14 0 0 1144 630  1  1 800 
L1147 14 0 0  39 1144  1  1 801 
L1148 14 0 0  39 1144  2  1 802 
L1152 14 0 0  90 1151  1  1 803 
L1153 14 0 0 107 1151  1  1 804 
L1278 14 0 0 1276  78  1  1 866 
L1279 14 0 0 1277  78  1  1 867 
L1282 14 0 0 1281 154  1  1 869 
L1294 14 0 0 129 1293  1  1 871 
L1298 14 0 0 546 1293  1  2 1721 1722 
L1333 14 0 0 395 211  2  1 892 
L1345 14 0 0  30  74  2  1 903 
L635 14 0 0 630  57  2  2 545 544 
L1610 14 0 0 329 1609  1  1 1026 
L2804 14 0 0  32 2803  1  2 1723 1724 
L2852 14 0 0 1144 2803  1  2 1725 1726 
L3028 14 0 0 3027  57  2  2 1796 1797 
L3029 14 0 0 3027  57  1  2 1794 1795 
L3035 14 0 0  83 3027  2  1 1759 
L3036 14 0 0  83 3027  1  1 1760 
L3046 14 0 0  57 3045  1  1 1765 
L3051 14 0 0 161 3045  1  1 1766 
L3138 14 0 0 107 119  1  1 1771 
L3270 14 0 0  83  68  2  1 1787 
L3311 14 0 0  57 161  1  1 1789 
L3427 14 0 0 1277 3426  1  1 1804 
L3428 14 0 0 1276 3426  1  1 1805 
L3431 14 0 0 3426 3430  1  1 1806 
L3432 14 0 0 3426 3430  2  1 1807 
L3436 14 0 0 3435 3430  1  1 1808 
L3440 14 0 0 3437 3438  1  1 1809 
L3441 14 0 0 3439 3437  2  1 1810 
L3442 14 0 0 1272 3439  1  1 1811 
L3443 14 0 0 1272 3439  2  1 1812 
L3444 14 0 0 3439 3438  1  1 1813 
L3453 14 0 0 3439 3449  1  1 1816 
L3454 14 0 0 3439 3450  2  1 1817 
L3455 14 0 0 3451 3439  1  1 1818 
L3456 14 0 0 3452 3439  2  1 1819 
L3457 14 0 0  90 683  2  1 1820 
L3458 14 0 0 139 683  1  1 1821 
L3470 14 0 0 3469 3194  1  1 1822 
L3483 14 0 0 687  90  3  1 1823 
L3486 14 0 0 129 148  1  1 1825 
L3487 14 0 0 129 1281  1  1 1826 
L3529 14 0 0 1276 3518  1  1 1856 
L3536 14 0 0 3535  83  1  1 1857 
L3537 14 0 0 3535  83  2  1 1858 
L3573 14 0 0 3559 3572  1  1 1869 
L3579 14 0 0 3572 3578  1  1 1871 
!     ---- Ligacoes ----
!Numero Flags cor Inic Coni Fin Conf Linhas nqb quebras
U25 0 28  29   1  28   2  -1   0 
U26 0 15  31   1  30   2  -1   0 
U27 0 28  31   2  28   2  -1   0 
U30 0 28  36   1  35   2  -1   0 
U32 0 15  37   1  32  20  -1   0 
U31 0 28  37   2  35   2  -1   0 
U34 0 15  45   1  43   2  -1   0 
U35 0 28  45   2  44   2  -1   0 
U42 0 28  55   1  53   2  -1   0 
U44 0 15  56   1  39  14  -1   0 
U43 0 28  56   2  53   2  -1   0 
U51 0 11  65   1  61   2  -1   0 
U52 0 28  65   2  64   2  -1   0 
U53 0 28  66   1  64   2  -1   0 
U56 0 28  72   1  71   2  -1   0 
U57 0 15  73   1  68   6  -1   0 
U58 0 28  73   2  71   2  -1   1    -304 -671.339
U59 0 15  30   9  74   4  76   0 
U68 0 15  85   1  83  21  -1   0 
U67 0 28  85   2  84   2  -1   0 
U69 0 28  86   1  84   2  -1   0 
U82 0 15 101   1  96  19  -1   0 
U81 0 28 101   2 100   2  -1   0 
U83 0 28 102   1 100   2  -1   0 
U151 0 14 176   2 174   3  -1   0 
U150 0 15 176   1 161  21  -1   0 
U153 0 14 177   2 174   7  -1   0 
U152 0 15 177   1 161  17  -1   0 
U155 0 14 178   2 174  11  -1   0 
U154 0 15 178   1 161  13  -1   0 
U176 0 21 196   1 194   2  -1   0 
U187 0 21 205   1 203   2  -1   0 
U198 0 15 161   4 218   4 220   0 
U263 0 11  51   2 319   1  -1   0 
U264 0 15  43   8 319   2  -1   0 
U281 0 16 395   4 211   8 396   0 
U284 0 10 405   1 377   2  -1   0 
U286 0 16 407   1 395   2  -1   0 
U311 0 11 479   2 480   1  -1   0 
U312 0 15  57  18 480   2  -1   0 
U313 0 11 479   5 481   1  -1   0 
U314 0 15  57  15 481   2  -1   0 
U315 0 11 479   8 482   1  -1   0 
U316 0 15  57  12 482   2  -1   0 
U329 0  8 524   1 213   6  -1   1     768   -928
U335 0 11 126   2 541   1  -1   0 
U336 0 15 119   2 541   2  -1   0 
U347 0  8 576   2 550   4 578   0 
U349 0 10 551   4 581   3 583   0 
U355 0  8 597   1 576   2  -1   0 
U356 0 10 581  15 600   1  -1   0 
U357 0 14 598   8 600   2  -1   0 
U358 0 10 581  12 601   1  -1   0 
U359 0 14 598   5 601   2  -1   0 
U360 0 10 581   9 602   1  -1   0 
U361 0 14 598   2 602   2  -1   0 
U382 0 15 630   8 638   1  -1   0 
U413 0 15 643   3 680   1  -1   0 
U414 0  9 681   1 197   4  -1   0 
U415 0  9 682   1 182   4  -1   0 
U434 0 28 726   1  44   2  -1   0 
U443 0 15 739   2 148  13 742   0 
U445 0 15 753   1  57  17  -1   0 
U446 0 15 754   1  90  25  -1   0 
U447 0 15 760   1 148  19  -1   0 
U459 0  8 787   1 692   8  -1   0 
U460 0 11 788   1 479   6  -1   0 
U461 0 11 791   1 111   6  -1   0 
U462 0 11 794   1 200   8  -1   0 
U463 0 11 796   1 142   5  -1   0 
U464 0 11 798   1 171   3  -1   0 
U465 0 14 799   1 774   3  -1   0 
U489 0 14 832   1 174   6  -1   0 
U490 0 14 833   1 174   6  -1   0 
U491 0 14 837   1 134   8  -1   0 
U498 0 11 847   1 552   5  -1   0 
U501 0 14 854   1 598   5  -1   0 
U502 0 11 860   1 126   5  -1   0 
U503 0 11 861   1 254   2  -1   0 
U506 0 11 110  11 864   1  -1   0 
U507 0 15 103  11 864   2  -1   0 
U529 0 15 899   1  90  14  98   0 
U77 0 15  90  25  57   2  95   2      32 -75.5449   -112 -75.5449
U543 0 15 907   1  57  19 634   0 
U45 0 15  48   2  57  25  58   2    -640   -112   -480   -112
U553 0 15 912   1  48   6  50   0 
U555 0 15 913   1  48  10  49   0 
U554 0 15  43   6 913   1  49   1    -768   -144
U28 0 15  30   6  32  22  33   1    -992   -464
U29 0 15  30  15  32  20  34   1    -960   -320
U37 0 15  32  18  43   2  47   1    -928   -208
U552 0 15  32   4 912   1  50   0 
U376 0 15  39   8 630   2 631   0 
U542 0 15 630   2 907   1 634   0 
U55 0 15  39   5  68   2  70   1    -336   -736
U636 0 15 960   1 119   3  -1   0 
U642 0 15 971   1 154  12  -1   0 
U87 0 15 103  10 107   2 108   2     560   -512    560   -368
U655 0 15  48   2 985   1 125   1    -640    304
U656 0 15 985   1 119   7 125   0 
U111 0 15 129   5 119  11 130   2     544    560    544    368
U416 0 15  90  21 683   8 684   0 
U643 0 15 683   8 968   2 972   0 
U675 0 15 154  21 997   1 970   0 
U676 0 15 997   1 968   2 970   0 
U677 0 15 139  13 998   1 155   0 
U678 0 15 998   1 154  15 155   0 
U693 0 15 161  10 1006   1 181   0 
U694 0 15 1006   1 157  21 181   0 
U458 0 15 773   5 157   6 786   1    -304    688
U456 0 15 158   2 773   2 784   1    -304    640
U135 0 15 148  23 158   2 159   0 
U720 0 15 218   4 1034   1 1032   0 
U721 0 15 1034   1 157  15 1032   0 
U736 0 15 967   2 154  26 1075   1      16    944
U737 0 15  96   8 1086   1 105   1     544   -608
U738 0 15 1086   1 103   4 105   0 
U739 0 15 157   2 967   2 1087   1    -240    944
U426 0 15 687   4  90   8 714   1     304   -224
U427 0 15 687   2  90  10 715   1     272   -256
U384 0 15  83  11 643   5 647   0 
U383 0 15  83   8 643   2 646   0 
U70 0 15  83  22  68   2  87   1     -64   -736
U78 0 15  96  20  83   2  97   2     352   -784    256   -784
U791 0  8 213   8 1127   2  -1   0 
U790 0 15  96   3 1127   1  -1   1     624   -896
U792 0 15  83  10 1129   1  -1   0 
U793 0 21 1128   2 1129   2  -1   0 
U794 0 21 1136   1 1128   2  -1   0 
U744 0 15 643   5  90  20 678   0 
U802 0 15  39  11 1144   5 1148   1    -432   -624
U800 0 15 1144   8 630   5 1146   1    -432   -576
U801 0 15  39  14 1144   2 1147   1    -480   -672
U804 0 15 107  19 1151   2 1153   0 
U803 0 15  90   2 1151   4 1152   1     400    -64
U808 0 11 1167   1 110   7  -1   0 
U866 0 10 1276   2  78  10 1278   0 
U867 0 10 1277   2  78   4 1279   0 
U869 0 15 154   2 1281   3 1282   1     400    704
U871 0 15 129  18 1293   3 1294   0 
U892 0 16 395   2 211   6 1333   0 
U903 0 15  30  15  74  10 1345   0 
U920 0 15 1382   1  32  11  -1   0 
U921 0 25 1382   2 1381   2  -1   0 
U926 0 11 1272   2 1391   1  -1   0 
U927 0 25 1381   2 1391   2  -1   0 
U930 0 15  74   3 1411   1  -1   0 
U931 0 25 1410   2 1411   2  -1   0 
U932 0 10  78   3 1415   1  -1   0 
U933 0 25 1410   2 1415   2  -1   0 
U944 0 15  74   7 1430   1  -1   0 
U945 0 25 1428   2 1430   2  -1   0 
U946 0 15  74  11 1431   1  -1   0 
U947 0 25 1429   2 1431   2  -1   0 
U948 0 10  78   7 1457   1  -1   0 
U949 0 25 1428   2 1457   2  -1   0 
U952 0 10  78  11 1465   1  -1   0 
U953 0 25 1429   2 1465   2  -1   0 
U956 0 15 1492   1  48  14  -1   0 
U957 0 25 1492   2 1488   2  -1   0 
U545 0 15 908   1  57  22 635   0 
U544 0 15 630   5 908   1 635   0 
U982 0 10 207   4 1523   1  -1   0 
U983 0 25 1488   2 1523   2  -1   0 
U986 0 15 1531   1  48  11  -1   0 
U987 0 25 1531   2 1530   2  -1   0 
U988 0 10 207   7 1539   1  -1   0 
U989 0 25 1530   2 1539   2  -1   0 
U992 0 15 1543   1  48   7  -1   0 
U993 0 25 1543   2 1542   2  -1   0 
U994 0 10 207  10 1550   1  -1   0 
U995 0 25 1542   2 1550   2  -1   0 
U1012 0  8 329   2 1587   1  -1   0 
U1013 0 16 211   2 1587   2  -1   0 
U1014 0  8 1586   2 1588   1  -1   0 
U1015 0 16 211   8 1588   2  -1   0 
U1016 0 16 1589   1 211   2  -1   0 
U1017 0 25 1589   2 1585   2  -1   0 
U1018 0 15  48   4 1593   1  -1   0 
U1019 0 25 1585   2 1593   2  -1   0 
U1025 0 16 1604   1 395   4  -1   0 
U1026 0  8 329   2 1609   2 1610   0 
U1060 0 15 1663   1 157  18  -1   0 
U1061 0 25 1663   2 1662   2  -1   0 
U1062 0 11 200  13 1665   1  -1   0 
U1063 0 25 1662   2 1665   2  -1   0 
U1070 0 15 1675   1 157  12  -1   0 
U1071 0 25 1675   2 1674   2  -1   0 
U1076 0 11 200   7 1684   1  -1   0 
U1077 0 25 1674   2 1684   2  -1   0 
U1080 0 11 1704   1 200   2  -1   0 
U1081 0 25 1704   2 1703   2  -1   0 
U1082 0 15 157   7 1710   1  -1   0 
U1083 0 25 1703   2 1710   2  -1   0 
U1086 0  9 1715   1 197   3  -1   0 
U1087 0 25 1715   2 1714   2  -1   0 
U1088 0 15 157  28 1724   1  -1   0 
U1089 0 25 1714   2 1724   2  -1   0 
U1092 0  9 1729   1 197   7  -1   0 
U1093 0 25 1729   2 1728   2  -1   0 
U1094 0 15 157  32 1733   1  -1   0 
U1095 0 25 1728   2 1733   2  -1   0 
U1106 0  9 1749   1 182   7  -1   0 
U1107 0 25 1749   2 1747   2  -1   0 
U1108 0  9 1750   1 182   3  -1   0 
U1109 0 25 1750   2 1748   2  -1   0 
U1114 0 15 154  22 1770   1  -1   0 
U1115 0 25 1747   2 1770   2  -1   0 
U1118 0 15 154  18 1775   1  -1   0 
U1119 0 25 1748   2 1775   2  -1   0 
U1122 0 11 1779   1 189  10  -1   0 
U1123 0 25 1779   2 1778   2  -1   0 
U1124 0 15 154  11 1783   1  -1   0 
U1125 0 25 1778   2 1783   2  -1   0 
U1128 0 11 1789   1 189   6  -1   0 
U1129 0 25 1789   2 1788   2  -1   0 
U1130 0 15 154   7 1791   1  -1   0 
U1131 0 25 1788   2 1791   2  -1   0 
U1134 0 11 189   2 1794   1  -1   0 
U1135 0 15 154   3 1794   2  -1   0 
U1160 0 14 1843   1 134   3  -1   0 
U1161 0 25 1843   2 1842   2  -1   0 
U1166 0 15 129   3 1847   1  -1   0 
U1167 0 25 1842   2 1847   2  -1   0 
U1168 0 14 1853   1 134   7  -1   0 
U1169 0 25 1853   2 1852   2  -1   0 
U1170 0 15 129   7 1855   1  -1   0 
U1171 0 25 1852   2 1855   2  -1   0 
U1174 0 14 1873   1 134  11  -1   0 
U1175 0 25 1873   2 1872   2  -1   0 
U1180 0 15 129  11 1879   1  -1   0 
U1181 0 25 1872   2 1879   2  -1   0 
U1182 0 11 1894   1 131   2  -1   0 
U1183 0 25 1894   2 1893   2  -1   0 
U1184 0 11 131   2 1895   1  -1   0 
U1189 0 15 129  23 1904   1  -1   0 
U1190 0 25 1893   2 1904   2  -1   0 
U1201 0 11 1923   1 552   2  -1   0 
U1202 0 25 1923   2 1922   2  -1   0 
U1205 0 11 1933   1 552   5  -1   0 
U1206 0 25 1933   2 1932   2  -1   0 
U1207 0 11 1939   1 552   8  -1   0 
U1208 0 25 1939   2 1938   2  -1   0 
U1213 0 15 546  11 1976   1  -1   0 
U1214 0 25 1922   2 1976   2  -1   0 
U1225 0 15 546  14 1987   1  -1   0 
U1226 0 25 1932   2 1987   2  -1   0 
U1227 0 15 546  17 1990   1  -1   0 
U1228 0 25 1938   1 1990   2  -1   0 
U1231 0 10 1998   1 551   2  -1   0 
U1232 0 25 1998   2 1996   2  -1   0 
U1233 0 10 1999   1 551   5  -1   0 
U1234 0 25 1999   2 1997   2  -1   0 
U1239 0 15 546  21 2019   1  -1   0 
U1240 0 25 1996   2 2019   2  -1   0 
U1247 0 15 546  24 2026   1  -1   0 
U1248 0 25 1997   2 2026   2  -1   0 
U1254 0  8 2038   1 550   5  -1   0 
U1255 0 25 2038   2 2036   2  -1   0 
U1268 0 15 546   6 2058   1  -1   0 
U1269 0 25 2036   2 2058   2  -1   0 
U1270 0 11 2063   1 142   2  -1   0 
U1271 0 25 2063   2 2062   2  -1   0 
U1276 0 15 139   4 2070   1  -1   0 
U1277 0 25 2062   2 2070   2  -1   0 
U1278 0 11 2073   1 142   5  -1   0 
U1279 0 25 2073   2 2072   2  -1   0 
U1280 0 11 2079   1 142   8  -1   0 
U1281 0 25 2079   2 2078   2  -1   0 
U1286 0 15 139  10 2095   1  -1   0 
U1287 0 25 2078   2 2095   2  -1   0 
U1290 0 15 139   7 2101   1  -1   0 
U1291 0 25 2072   2 2101   2  -1   0 
U1294 0 15 2117   1 773   2  -1   0 
U1295 0 25 2117   2 2116   2  -1   0 
U1300 0 14 774   2 2121   1  -1   0 
U1301 0 25 2116   2 2121   2  -1   0 
U1302 0 14 774   6 2127   1  -1   0 
U1307 0 14 2141   1 774   8  -1   0 
U1308 0 25 2141   2 2140   1  -1   0 
U1313 0 15 773   8 2150   1  -1   0 
U1314 0 25 2140   2 2150   2  -1   0 
U1315 0 10 167   6 2153   1  -1   0 
U1316 0 10 2157   1 167  11  -1   0 
U1317 0 25 2157   2 2156   2  -1   0 
U1318 0 15 148  15 2163   1  -1   0 
U1319 0 25 2156   2 2163   2  -1   0 
U1322 0 10 2167   1 167   7  -1   0 
U1323 0 25 2167   2 2166   2  -1   0 
U1324 0 10 2176   1 167   3  -1   0 
U1325 0 25 2176   2 2175   2  -1   0 
U1326 0 15 148  11 2189   1  -1   0 
U1327 0 25 2166   2 2189   2  -1   0 
U1328 0 15 148   7 2192   1  -1   0 
U1329 0 25 2175   2 2192   2  -1   0 
U1330 0 11 2195   1 171   2  -1   0 
U1331 0 25 2195   2 2194   2  -1   0 
U1336 0 15 148   5 2204   1  -1   0 
U1337 0 25 2194   2 2204   2  -1   0 
U1338 0 15 2212   1 148   8  -1   0 
U1339 0 25 2212   2 2211   2  -1   0 
U1340 0 11 171   5 2223   1  -1   0 
U1341 0 25 2211   2 2223   2  -1   0 
U1346 0 15 2246   1 119   6  -1   0 
U1347 0 25 2246   2 2244   2  -1   0 
U1348 0 15 2247   1 119  10  -1   0 
U1349 0 25 2247   2 2245   2  -1   0 
U1354 0 11 126  10 2265   1  -1   0 
U1355 0 25 2245   2 2265   2  -1   0 
U1360 0 11 126   6 2270   1  -1   0 
U1361 0 25 2244   2 2270   2  -1   0 
U1362 0 15 2280   1 687   2  -1   0 
U1363 0 25 2280   2 2279   2  -1   0 
U1368 0  8 692   6 2290   1  -1   0 
U1369 0 25 2279   2 2290   2  -1   0 
U1370 0 15 2294   1 687   5  -1   0 
U1371 0 25 2294   2 2293   2  -1   0 
U1372 0  8 692   9 2308   1  -1   0 
U1373 0 25 2293   2 2308   2  -1   0 
U1374 0 15 2311   1 687   8  -1   0 
U1375 0 25 2311   2 2310   2  -1   0 
U1376 0  8 692  12 2317   1  -1   0 
U1377 0 25 2310   2 2317   2  -1   0 
U1380 0  2 2324   1 2320   2  -1   0 
U1381 0 11 2339   1 111   2  -1   0 
U1382 0 25 2339   2 2338   2  -1   0 
U1387 0 15 107   8 2345   1  -1   0 
U1388 0 25 2338   2 2345   2  -1   0 
U1395 0 11 2358   1 111   8  -1   0 
U1396 0 25 2358   2 2357   2  -1   0 
U1403 0 11 2365   1 111  11  -1   0 
U1404 0 25 2365   2 2364   2  -1   0 
U1409 0 15 107  14 2377   1  -1   0 
U1410 0 25 2357   2 2377   2  -1   0 
U1415 0 15 107  17 2396   1  -1   0 
U1416 0 25 2364   2 2396   2  -1   0 
U1417 0 11 1261   4 2400   1  -1   0 
U1418 0 11 2415   1 1261   2  -1   0 
U1419 0 25 2415   2 2414   2  -1   0 
U1428 0 11 2431   1 1261   5  -1   0 
U1429 0 25 2431   2 2430   2  -1   0 
U1430 0 15 1151  11 2434   1  -1   0 
U1431 0 25 2430   2 2434   2  -1   0 
U1432 0 15 107  11 2439   1  -1   0 
U1433 0 25 2347   2 2439   2  -1   0 
U1434 0 11 111   5 2443   1  -1   0 
U1435 0 25 2347   2 2443   2  -1   0 
U1437 0 15 1151   8 2460   1  -1   0 
U1438 0 25 2414   2 2460   2  -1   0 
U1519 0 11 110   4 2597   1  -1   0 
U1548 0 11 2630   1 110   3  -1   0 
U1549 0 25 2630   2 2629   2  -1   0 
U1554 0 15 103   3 2634   1  -1   0 
U1555 0 25 2629   2 2634   2  -1   0 
U1556 0 11 2645   1 110   6  -1   0 
U1557 0 25 2645   2 2644   2  -1   0 
U1558 0 15 103   6 2646   1  -1   0 
U1559 0 25 2644   2 2646   2  -1   0 
U1560 0 11 110   9 2650   1  -1   0 
U1561 0 15 103   9 2650   2  -1   0 
U1562 0  8 213   3 2668   1  -1   0 
U1563 0  8 2673   1 213   3  -1   0 
U1564 0 25 2673   2 2672   2  -1   0 
U1565 0  8 2678   1 213   6  -1   0 
U1566 0 25 2678   2 2677   1  -1   0 
U1573 0 15  96  13 2687   1  -1   0 
U1574 0 25 2682   2 2687   2  -1   0 
U1579 0 15  96   5 2698   1  -1   0 
U1580 0 25 2677   2 2698   2  -1   0 
U1585 0 15  96   8 2711   1  -1   0 
U1586 0 25 2672   2 2711   2  -1   0 
U1599 0 15 2733   1  68   7  -1   0 
U1600 0 25 2733   2 2731   2  -1   0 
U1601 0 15 2734   1  68  10  -1   0 
U1602 0 25 2734   2 2732   2  -1   0 
U1603 0 11  81   3 2747   1  -1   0 
U1604 0 25 2732   2 2747   2  -1   0 
U1611 0 11  81   7 2756   1  -1   0 
U1612 0 25 2731   2 2756   2  -1   0 
U1613 0 11  61   7 2759   1  -1   0 
U1614 0 15  39   3 2759   2  -1   0 
U1628 0 25 2775   2 2773   2  -1   0 
U1630 0 25 2776   2 2774   2  -1   0 
U1635 0 11 1353   5 2793   1  -1   0 
U1636 0 25 2773   2 2793   2  -1   0 
U1637 0 11 1353   2 2796   1  -1   0 
U1638 0 25 2774   2 2796   2  -1   0 
U1647 0 15 2803   7 2817   1  -1   0 
U1648 0 25 2815   2 2817   2  -1   0 
U1649 0 15 2803   4 2818   1  -1   0 
U1650 0 25 2816   2 2818   2  -1   0 
U1651 0 11 2819   2 2821   1  -1   0 
U1652 0 25 2816   2 2821   2  -1   0 
U1659 0 11 2819   5 2844   1  -1   0 
U1660 0 25 2815   2 2844   2  -1   0 
U1661 0 15 2803  11 2849   1  -1   0 
U1670 0  3 1264   2 2861   1  -1   0 
U1671 0 28 1265   2 2864   1  -1   0 
U1672 0 11 2872   1 2868   8  -1   0 
U1673 0 25 2872   2 2871   2  -1   0 
U1674 0 15  90   8 2886   1  -1   0 
U1675 0 25 2871   2 2886   2  -1   0 
U1678 0 11 2890   1 2868   5  -1   0 
U1679 0 25 2890   2 2889   2  -1   0 
U1680 0 15  90   5 2891   1  -1   0 
U1681 0 25 2889   2 2891   2  -1   0 
U1682 0 11 2894   1 2868   2  -1   0 
U1683 0 25 2894   2 2893   2  -1   0 
U1684 0 15  90   2 2899   1  -1   0 
U1685 0 25 2893   2 2899   2  -1   0 
U1696 0  0 2919   1 2902   2  -1   0 
U1707 0 15  57   4 2946   1 740   0 
U1708 0 15 2946   1 739   2 740   0 
U1719 0 15  57   8 2958   1 956   0 
U1720 0 15 2958   1 148  17 956   0 
U1721 0 15 546   4 2960   1 1298   0 
U1722 0 15 2960   1 1293   3 1298   0 
U1723 0 15  32  12 2963   1 2804   0 
U1724 0 15 2963   1 2803   7 2804   0 
U1725 0 15 1144   2 2968   1 2852   0 
U1726 0 15 2968   1 2803   3 2852   1    -768   -672
U807 0 15 1166   1 643   6  -1   1      96   -272
U1727 0 11 2969   1  81   4  -1   0 
U1761 0 15 3037   1 3027  14  -1   0 
U1762 0 25 3037   2 3033   2  -1   0 
U1763 0 15 3038   1 3027  10  -1   0 
U1764 0 25 3038   2 3034   1  -1   0 
U1709 0 15 643   2  90  17 677   0 
U1765 0 15  57  22 3045   2 3046   0 
U1766 0 15 161   3 3045   2 3051   0 
U1629 0 15 2776   1 1144   7  -1   1    -608   -592
U1627 0 15 2775   1 1144   5  -1   1    -656   -624
U1760 0 15  83  14 3027   7 3036   2      64   -432   -208   -432
U1767 0 11 3129   2 3130   1  -1   0 
U1768 0 25 3033   2 3130   2  -1   0 
U1769 0 11 3129   6 3137   1  -1   0 
U1770 0 25 3034   2 3137   2  -1   0 
U1771 0 15 107  11 119   1 3138   0 
U810 0 11 1172   1  51   2  -1   1   -1344   -112
U1774 0  0 3139   2 3143   1  -1   0 
U1777 0 19 3196   2 3198   1  -1   0 
U1759 0 15  83   5 3027   4 3035   2     208   -384   -160   -384
U528 0 15  96  17 899   1  98   4     400   -720    272   -720    272   -272    208   -272
U1782 0 15 773   5 3237   1  -1   0 
U1783 0 25 2130   2 3237   2  -1   0 
U1784 0  2 3244   2 3248   1  -1   0 
U1785 0 14 774   5 3262   1  -1   0 
U1786 0 25 2130   2 3262   2  -1   0 
U1787 0 15  83  19  68   4 3270   1     -16   -704
U1788 0 15 3297   1 687   9  -1   0 
U1789 0 15  57  25 161   6 3311   0 
U1794 0 15 3027   7 3336   1 3029   0 
U1795 0 15 3336   1  57   8 3029   0 
U1796 0 15 3027   4 3338   1 3028   0 
U1797 0 15 3338   1  57   5 3028   0 
U1798 0 15 3027   2 3388   1  -1   0 
U1799 0 15  74   7 3403   1  -1   0 
U1800 0 15 3421   1 546   3  -1   0 
U1801 0 25 3421   2 3420   2  -1   0 
U1802 0  8 550   2 3425   1  -1   0 
U1803 0 25 3420   2 3425   2  -1   0 
U1804 0 10 1277   2 3426   2 3427   0 
U1805 0 10 1276   2 3426   8 3428   0 
U1806 0 10 3426   2 3430   2 3431   0 
U1807 0 10 3426   5 3430   5 3432   0 
U1808 0 10 3435   2 3430   3 3436   0 
U1809 0 11 3437   2 3438   2 3440   0 
U1810 0 11 3439   1 3437   2 3441   0 
U1811 0 11 1272   1 3439   2 3442   0 
U1812 0 11 1272   2 3439   2 3443   0 
U1813 0 11 3439   2 3438   2 3444   0 
U1814 0 11 3437   2 3446   1  -1   0 
U1815 0 28 3445   1 3446   2  -1   0 
U1816 0 11 3439   2 3449   2 3453   0 
U1817 0 11 3439   2 3450   2 3454   0 
U1818 0 11 3451   2 3439   2 3455   0 
U1819 0 11 3452   2 3439   2 3456   0 
U1820 0 15  90  16 683   3 3457   0 
U1821 0 15 139   9 683   3 3458   0 
U1822 0  8 3469   2 3194   2 3470   0 
U1823 0 15 687   7  90   6 3483   1     336   -176
U1824 0 11 3485   1 3484   2  -1   0 
U1825 0 15 129   1 148  14 3486   0 
U1826 0 15 129  15 1281   4 3487   0 
U1827 0 15 3489   1 683   2  -1   0 
U1828 0 25 3489   2 3488   2  -1   0 
U1829 0 11 3490   2 3491   1  -1   0 
U1830 0 25 3488   2 3491   2  -1   0 
U1856 0 10 1276   2 3518   1 3529   0 
U1857 0 15 3535   2  83   3 3536   0 
U1858 0 15 3535   5  83   6 3537   0 
U1865 0 15 3535   3 3560   1  -1   0 
U1866 0 25 3542   2 3560   2  -1   0 
U1867 0 10 3559   2 3561   1  -1   0 
U1868 0 25 3542   2 3561   2  -1   0 
U1869 0 10 3559   2 3572   2 3573   0 
U1871 0 10 3572   2 3578   2 3579   0 
!    ---- Posição de Legenda de Componentes ----
!NumCompo Label Rot Px Py
X  28  0  3   -27.00   -23.35
X  28  1  3   -11.00    -7.35
X  28  2  3   -14.00     8.65
X  32  0  2   -94.00   -20.35
X  32  1  2   -46.00    -4.35
X  32  2  2   -46.00    11.65
X  35  0  2    48.65     4.62
X  35  1  2    52.34    15.70
X  35  2  2   -46.00    11.65
X  35  3  2   -44.47    22.15
X  39  0  2   -49.47   -21.88
X  39  1  2   -46.88    -6.11
X  39  2  2   -46.00    11.65
X  44  0  1   -30.00   -23.35
X  44  1  1   -14.00    -7.35
X  44  2  1   -17.00    24.65
X  48  0  2     0.54   -17.44
X  48  1  2     2.00    -4.35
X  48  2  2   -19.82    21.83
X  51  0  1   -30.00   -23.35
X  51  1  1   -14.00    -7.35
X  51  2  1   -17.00    24.65
X  53  0  2    43.96     4.62
X  53  1  2    47.66    18.17
X  53  2  2   -46.00    11.65
X  57  0  2   -78.80    -7.53
X  57  1  2   -25.04     6.98
X  57  2  2   -38.85    20.21
X  61  0  2    50.00   -20.35
X  61  1  2    50.00    -4.35
X  61  2  2   -32.28    16.94
X  64  0  2    47.84   -18.70
X  64  1  2    49.07    -6.39
X  64  2  2    40.99     5.86
X  64  3  2    41.18    17.55
X  71  0  2    50.00    -4.35
X  71  1  2    50.00    11.65
X  71  2  2   -30.00    11.65
X  71  3  2   -29.32    23.59
X  74  0  1   -30.00   -23.35
X  74  1  1   -14.00    -7.35
X  74  2  1   -17.00     8.65
X  78  0  1   -30.00   -23.35
X  78  1  1   -14.00    -7.35
X  78  2  1   -33.00     8.65
X  81  0  0   -75.12    -6.26
X  81  0  2   -46.00    -4.35
X  81  1  0   -27.40     5.36
X  81  1  2   -14.00    11.65
X  81  2  2   -30.00    27.65
X  83  0  2    96.00   -20.35
X  83  1  2    96.00    -4.35
X  83  2  2   -31.26    14.49
X  84  0  2    50.00    -4.35
X  84  1  2    50.00    11.65
X  84  2  2   -46.00    11.65
X  90  0  2   -76.65    -6.79
X  90  1  2   -22.80     6.65
X  90  2  2   -17.66    21.24
X  90  3  2   -17.41    30.92
X  96  0  2   -96.00   -20.35
X  96  1  2   -30.00    -4.35
X  96  2  2   -32.82    15.62
X 100  0  2   -70.21    -1.62
X 100  1  2   -32.87    10.74
X 100  2  2    34.14     9.83
X 107  2  1     0.00     8.00
X 111  2  1     8.67   -16.18
X 119  0  1   -79.09    -5.74
X 119  1  1   -28.13     8.78
X 129  2  1   -39.27     3.64
X 131  0  2   -74.32     2.62
X 131  1  2   -27.33    13.68
X 131  2  2    38.64     4.81
X 139  0  2    -2.22   -17.48
X 139  1  2    -2.80    -5.50
X 139  2  2   -11.03    17.40
X 142  0  1   -62.00   -23.35
X 142  1  1   -14.00    -7.35
X 148  2  2   -18.20    16.68
X 154  0  2     2.00   -20.35
X 154  1  2     2.00    -4.35
X 154  2  2   -30.00    11.65
X 157  0  2     2.00   -20.35
X 157  1  2     2.00    -4.35
X 157  2  2   -14.00    27.65
X 158  0  0   -47.29   -13.46
X 158  1  0   -23.75     1.68
X 158  2  0    39.31     8.41
X 161  2  2    -8.95    19.98
X 167  0  2   -92.62    -2.34
X 167  1  2   -33.57    11.40
X 167  2  2   -16.31    24.04
X 171  0  2     2.00   -20.35
X 171  1  2     2.00    -4.35
X 171  2  2    34.00    -4.35
X 174  0  0   -78.00   -23.35
X 174  1  0   -30.00    -7.35
X 174  2  0   -30.00    24.65
X 182  0  2   -89.34    -4.21
X 182  1  2   -28.19     8.66
X 182  2  2   -14.00    27.65
X 189  0  2    96.00    20.71
X 189  1  2    96.00    32.76
X 189  2  2   -14.00    27.65
X 194  0  1   -62.00   -23.35
X 194  1  1   -14.00    -7.35
X 194  2  1   -17.00    24.65
X 197  0  2   -85.29    -6.28
X 197  1  2   -27.46     5.54
X 197  2  2   -30.00    27.65
X 200  0  2   -78.00   -20.35
X 200  1  2   -30.00    -4.35
X 200  2  2   -30.00    27.65
X 266  0  0    34.31   -18.41
X 266  1  0    36.97    -2.44
X 266  2  0    36.08    10.87
X 329  1  1     0.00    -8.00
X 479  0  0     0.00   -20.00
X 479  2  0     0.00    39.05
X 546  0  1     0.00   -20.00
X 630  0  2   -30.00   -20.35
X 630  1  2     2.00    -4.35
X 630  2  2   -42.58     6.40
X 630  3  2   -41.78    18.27
X 643  0  2    96.00   -20.35
X 643  1  2    96.00    -4.35
X 643  2  2    96.00    11.65
X 643  3  2    96.00    21.04
X 683  0  2    38.00    -8.07
X 683  1  2    38.57     7.93
X 683  2  2    40.85    20.49
X 687  2  1     0.00    14.45
X 687  3  1     0.00    20.00
X 692  0  1     6.19     6.29
X 692  1  1     6.96    19.83
X 692  2  1   -26.16    12.10
X 739  0  2   -27.24   -17.48
X 739  1  2   -25.16    -3.97
X 739  2  2   -29.99    16.96
X 773  2  1   -16.41    15.06
X 774  0  1   -21.59   -20.49
X 774  1  1   -19.63    -7.51
X 968  0  2    34.00   -20.35
X 968  1  2    34.00    -4.35
X 968  2  2    34.00    11.65
X 1128  0  2    47.52    -4.59
X 1128  1  2    47.52    11.84
X 1128  2  2   -40.99    11.84
X 1151  0  1   -83.63     1.93
X 1151  1  1   -29.53    14.38
X 1151  2  1   -22.54    13.64
X 1261  0  1   -30.00   -23.35
X 1261  0  2   -71.70    -0.51
X 1261  1  2   -26.45    11.49
X 1261  2  1     0.00     8.00
X 1272  2  2   -35.45     5.64
X 1272  3  2   -34.01    16.92
X 1276  0  1   -30.00    56.65
X 1276  1  1   -14.00    72.65
X 1353  0  2    36.26    17.88
X 1353  1  2    37.05    28.77
X 1381  0  1    16.80     2.59
X 1381  1  1    17.01    14.52
X 1410  0  1     0.00   -20.00
X 1410  2  1     0.00    11.02
X 1428  0  1     3.63    -7.92
X 1428  1  1     5.45     3.17
X 1428  2  1    -1.51    12.03
X 1429  0  1     6.83    -7.50
X 1429  1  1     7.68     3.91
X 1488  0  1    -2.22    18.43
X 1488  1  1    -5.31    30.71
X 1530  0  1    11.78    16.77
X 1530  1  1     1.47    29.60
X 1542  0  1     2.32    17.83
X 1542  1  1     0.06    31.65
X 1585  0  1     0.79    14.26
X 1585  1  1     1.48    26.24
X 1586  2  1     4.23    -0.45
X 1662  0  1     9.19    -9.20
X 1662  1  1     9.69     3.15
X 1674  0  1     6.96   -12.20
X 1674  1  1     8.08     0.46
X 1703  0  1    11.01     2.37
X 1703  1  1    10.20    14.16
X 1714  0  1    21.34    -7.21
X 1714  1  1    22.04     6.70
X 1728  0  1   -76.19    -8.57
X 1728  1  1   -52.94     9.86
X 1747  0  1   -43.33   -16.03
X 1747  1  1   -42.45     3.00
X 1748  0  1    10.98    -8.32
X 1748  1  1    11.64     4.37
X 1778  0  1    32.74   -23.61
X 1778  1  1   -40.18    -0.13
X 1788  0  1    38.16   -21.86
X 1788  1  1    26.02    -9.61
X 1893  0  1   -50.81    -3.25
X 1893  1  1   -31.57    10.64
X 2062  0  1    -1.25    17.97
X 2062  1  1    -0.78    29.59
X 2072  0  1    -3.11    18.70
X 2072  1  1     0.00    31.15
X 2078  0  1     4.67    17.93
X 2078  1  1     0.78    31.93
X 2130  0  1     0.00   -28.00
X 2156  0  1   -39.62    -8.17
X 2156  1  1   -29.17     3.28
X 2166  0  1    30.81   -10.44
X 2166  1  1    21.09     3.79
X 2175  0  1    41.08   -10.30
X 2175  1  1    27.07     1.98
X 2194  0  1    23.08    -8.52
X 2194  1  1    25.66     2.74
X 2211  0  1   -36.54   -10.77
X 2211  1  1   -35.85     2.54
X 2279  1  1     0.00   -14.00
X 2320  0  1     0.00   -20.00
X 2347  0  1   -26.07   -25.30
X 2347  1  1   -12.58   -12.20
X 2357  0  1     0.00   -28.00
X 2414  0  1    -2.79   -18.98
X 2414  1  1    -2.09    -8.00
X 2629  0  1    -7.15   -23.80
X 2644  0  1    -6.55   -26.95
X 2773  0  1   -47.44    -0.79
X 2773  1  1   -30.69    11.11
X 2774  0  1    14.04     5.02
X 2774  1  1    14.44    19.64
X 2803  0  2     0.00   -20.00
X 2803  1  2     0.00    -8.00
X 2815  0  2   -68.58    -3.12
X 2815  1  2   -43.17    11.81
X 2815  2  2   -15.72    21.49
X 2816  0  2    14.22     0.26
X 2816  1  2    13.12    12.84
X 2816  2  2   -13.97    16.84
X 2819  0  2    31.46    24.75
X 2819  1  2    78.95    11.41
X 2868  0  2    51.97    18.50
X 2868  1  2    84.70    34.99
X 2871  0  1   -37.27   -20.52
X 2871  1  1   -34.36    -7.37
X 2889  1  1   -18.33    -7.56
X 2893  0  1    38.35   -25.74
X 2893  1  1   -34.72    -8.02
X 2902  0  2   -10.99   -25.00
X 2902  1  2    -9.00   -13.00
X 3027  0  2    36.65    22.14
X 3027  1  2    36.65    31.39
X 3033  0  1   -44.89    -6.01
X 3033  1  1   -33.45     3.95
X 3034  0  1    48.14    -5.05
X 3034  0  3    44.89    -5.32
X 3034  1  1    27.13     7.58
X 3034  1  3    28.40     6.85
X 3045  0  2   -89.41     3.32
X 3045  1  2   -35.91    15.84
X 3045  2  2    35.84     6.88
X 3129  2  0    96.00    13.63
X 3129  3  0    96.00    24.90
X 3535  1  2     0.00    -8.00
X 3535  2  2     0.00    18.00
X  36  1  2   -12.75    24.65
X  36  2  2     2.00    24.65
X  66  1  0    -6.35   -16.56
X  66  2  0     3.96   -15.13
X 176  0  2   -46.00    -7.35
X 177  0  2   -46.00    -7.35
X 178  0  2   -46.00    -7.35
X 480  0  2    12.00     0.00
X 524  0  3    18.00    -4.00
X 681  0  0   -43.18    50.01
X 682  0  0   -36.98    50.01
X 754  1  0   -46.00    24.65
X 787  0  3    94.99   -19.24
X 1415  0  3     2.89    25.74
X 1492  0  0     9.75    19.53
X 1710  0  0    12.00     0.00
X 1749  0  2    34.97     7.68
X 1779  0  2    11.78    -0.92
X 1976  0  3   -25.63    96.00
X 2095  0  0    12.75    -3.99
X 2117  0  3    -4.00    24.00
X 2121  0  1   -11.04    66.45
X 2163  0  0    12.00     0.00
X 2204  0  2    10.67   -11.32
X 2212  0  2     8.67   -11.98
X 2290  0  1    -3.34    37.88
X 2345  0  3    -4.00    24.00
X 2431  0  2   -48.10     3.57
X 2634  0  3    -9.04    22.79
X 2687  0  2    12.00     0.00
X 2747  0  2   -46.74     6.81
X 2821  0  2    12.00     0.00
X 2891  0  0    12.00     0.00
X 2969  0  0   -96.00    46.39
X 3037  0  2    12.00     0.00
!     ---- Posição de Legenda de Ligacoes ----
!Lado NumLig Label Px Py
YI 311  1    -5.45     1.37
YI 311  2   -10.85    19.20
YI 313  1   -26.42    33.90
YI 358  0    -1.15    -9.12
YF  87  0    -3.80    -7.27
YI 643  2    47.00    76.23
YI 426  0    -9.14    -3.90
YI 426  2     0.00    14.00
YF  78  1    -0.00    -6.00
YF 801  1     0.00    -6.00
YI 804  2     0.00    14.00
YI 803  0    -8.94     2.13
YI 869  2     0.24   -20.23
YI 930  0   -14.55   -10.15
YI 932  0    -5.56    11.87
YI 944  0     2.82    31.97
YI 945  0    -2.08     7.44
YI 946  0    -3.57     4.84
YF 956  0    -0.16     9.45
YF 956  2   -12.77    19.26
YF 986  0    -0.83     8.90
YI 1014  0    -6.45     9.13
YF 1060  0   -15.80   -21.35
YI 1062  0    -4.92     8.80
YF 1070  0    -6.35   -21.05
YI 1076  0   -16.30    30.71
YF 1106  0    -1.04    15.25
YF 1108  0     7.79    13.67
YF 1122  0   -22.06    16.46
YI 1124  0    -1.22    -6.47
YF 1128  0     0.70    14.41
YF 1160  0    -0.38   -12.97
YF 1182  1    -4.72    -4.39
YI 1189  0     2.17     1.31
YI 1189  2     4.80    15.37
YF 1205  0     0.07    14.68
YF 1231  2     0.50    26.18
YF 1233  0    -8.14     9.38
YI 1268  1    -0.00    -6.00
YF 1270  0    -6.43   -15.50
YF 1280  0   -20.26    18.40
YI 1300  1     0.00    -6.00
YI 1300  2    12.55    76.12
YI 1318  1     0.00    -6.00
YF 1322  0    -2.16    10.36
YF 1324  0     0.18     7.43
YF 1324  2    -3.37    20.97
YI 1336  0   -15.47    13.99
YI 1336  2    11.98    21.99
YF 1338  2     7.99    19.99
YF 1362  0    15.56    -6.13
YI 1368  0     0.86    -4.90
YI 1368  2     6.88   -13.08
YF 1370  0     7.66    -4.20
YF 1370  2     6.51    24.22
YF 1381  0   -15.93    -5.16
YI 1387  0    13.21    -5.98
YI 1603  0    -0.88     0.07
YI 1603  2     3.16    24.46
YI 1613  0    -9.41   -11.96
YI 1614  0   -14.35    25.69
YI 1647  1     5.10    -7.38
YI 1651  0   -33.52   -24.67
YI 1651  2    -6.85    17.40
YI 1659  0     0.50     2.15
YF 1726  2    -0.00   -24.08
YI 1767  2    -0.62    12.65
YI 1771  1     0.23    -6.44
YI 1771  2   -96.00    14.87
YF 1771  1   -96.00    -5.56
